2026-02-16 13:11:32,365 [httpx] INFO: HTTP Request: GET http://localhost:11434/api/tags "HTTP/1.1 200 OK"
2026-02-16 13:11:32,413 [jerry.memory] INFO: Memory initialized. Session: 20260216_131132
2026-02-16 13:11:32,413 [jerry.tools] INFO: Tool registered: open_application
2026-02-16 13:11:32,413 [jerry.tools] INFO: Tool registered: run_command
2026-02-16 13:11:32,413 [jerry.tools] INFO: Tool registered: system_control
2026-02-16 13:11:32,413 [jerry.tools] INFO: Tool registered: get_system_info
2026-02-16 13:11:32,413 [jerry.tools] INFO: Tool registered: search_files
2026-02-16 13:11:32,414 [jerry.tools] INFO: Tool registered: read_file
2026-02-16 13:11:32,414 [jerry.tools] INFO: Tool registered: list_directory
2026-02-16 13:11:32,414 [jerry.tools] INFO: Tool registered: copy_file
2026-02-16 13:11:32,414 [jerry.tools] INFO: Tool registered: move_file
2026-02-16 13:11:32,414 [jerry.tools] INFO: Tool registered: delete_file
2026-02-16 13:11:32,414 [jerry.tools] INFO: Tool registered: web_search
2026-02-16 13:11:32,414 [jerry] INFO: Registered 11 tools
2026-02-16 13:11:32,415 [jerry] INFO: Jerry initialized successfully!
2026-02-16 13:14:45,206 [httpx] INFO: HTTP Request: POST http://localhost:11434/api/chat "HTTP/1.1 200 OK"
2026-02-16 13:14:45,207 [jerry.tools] INFO: Executing tool: run_command with args: {'command': 'Get-date'}
2026-02-16 13:15:06,891 [httpx] INFO: HTTP Request: POST http://localhost:11434/api/chat "HTTP/1.1 200 OK"
2026-02-16 13:21:02,155 [httpx] INFO: HTTP Request: POST http://localhost:11434/api/chat "HTTP/1.1 200 OK"
2026-02-16 13:21:02,157 [jerry.tools] INFO: Executing tool: run_command with args: {'command': 'taskkill /im chrome.exe'}
2026-02-16 13:21:36,172 [httpx] INFO: HTTP Request: POST http://localhost:11434/api/chat "HTTP/1.1 200 OK"
2026-02-16 13:22:25,244 [jerry.memory] INFO: Session summary saved: Conversation with 4 messages....
2026-02-16 16:22:09,479 [httpx] INFO: HTTP Request: GET http://localhost:11434/api/tags "HTTP/1.1 200 OK"
2026-02-16 16:22:09,499 [jerry.memory] INFO: Memory initialized. Session: 20260216_162209
2026-02-16 16:22:09,499 [jerry.tools] INFO: Tool registered: open_application
2026-02-16 16:22:09,499 [jerry.tools] INFO: Tool registered: run_command
2026-02-16 16:22:09,499 [jerry.tools] INFO: Tool registered: system_control
2026-02-16 16:22:09,499 [jerry.tools] INFO: Tool registered: get_system_info
2026-02-16 16:22:09,499 [jerry.tools] INFO: Tool registered: search_files
2026-02-16 16:22:09,499 [jerry.tools] INFO: Tool registered: read_file
2026-02-16 16:22:09,499 [jerry.tools] INFO: Tool registered: list_directory
2026-02-16 16:22:09,499 [jerry.tools] INFO: Tool registered: copy_file
2026-02-16 16:22:09,500 [jerry.tools] INFO: Tool registered: move_file
2026-02-16 16:22:09,500 [jerry.tools] INFO: Tool registered: delete_file
2026-02-16 16:22:09,500 [jerry.tools] INFO: Tool registered: web_search
2026-02-16 16:22:09,500 [jerry] INFO: Registered 11 tools
2026-02-16 16:22:09,500 [jerry] INFO: Jerry initialized successfully!
2026-02-16 16:25:21,465 [httpx] INFO: HTTP Request: POST http://localhost:11434/api/chat "HTTP/1.1 200 OK"
2026-02-16 16:25:21,466 [jerry.tools] INFO: Executing tool: web_search with args: {'query': 'new iPhone release date', 'max_results': '5'}
2026-02-16 16:25:22,116 [primp] INFO: response: https://www.bing.com/search?q=new+iPhone+release+date 200
2026-02-16 16:25:40,627 [httpx] INFO: HTTP Request: POST http://localhost:11434/api/chat "HTTP/1.1 200 OK"
2026-02-17 09:41:28,072 [httpx] INFO: HTTP Request: GET http://localhost:11434/api/tags "HTTP/1.1 200 OK"
2026-02-17 09:41:28,090 [jerry.memory] INFO: Memory initialized. Session: 20260217_094128
2026-02-17 09:41:28,091 [jerry.tools] INFO: Tool registered: open_application
2026-02-17 09:41:28,091 [jerry.tools] INFO: Tool registered: run_command
2026-02-17 09:41:28,091 [jerry.tools] INFO: Tool registered: system_control
2026-02-17 09:41:28,091 [jerry.tools] INFO: Tool registered: get_system_info
2026-02-17 09:41:28,091 [jerry.tools] INFO: Tool registered: search_files
2026-02-17 09:41:28,091 [jerry.tools] INFO: Tool registered: read_file
2026-02-17 09:41:28,091 [jerry.tools] INFO: Tool registered: list_directory
2026-02-17 09:41:28,091 [jerry.tools] INFO: Tool registered: copy_file
2026-02-17 09:41:28,091 [jerry.tools] INFO: Tool registered: move_file
2026-02-17 09:41:28,091 [jerry.tools] INFO: Tool registered: delete_file
2026-02-17 09:41:28,091 [jerry.tools] INFO: Tool registered: web_search
2026-02-17 09:41:28,092 [jerry] INFO: Registered 11 tools
2026-02-17 09:41:28,092 [jerry] INFO: Jerry initialized successfully!
2026-02-17 20:00:47,317 [httpx] INFO: HTTP Request: GET http://localhost:11434/api/tags "HTTP/1.1 200 OK"
2026-02-17 20:00:47,331 [jerry.memory] INFO: Memory initialized. Session: 20260217_200047
2026-02-17 20:00:47,331 [jerry.tools] INFO: Tool registered: open_application
2026-02-17 20:00:47,331 [jerry.tools] INFO: Tool registered: run_command
2026-02-17 20:00:47,331 [jerry.tools] INFO: Tool registered: system_control
2026-02-17 20:00:47,331 [jerry.tools] INFO: Tool registered: get_system_info
2026-02-17 20:00:47,331 [jerry.tools] INFO: Tool registered: search_files
2026-02-17 20:00:47,331 [jerry.tools] INFO: Tool registered: read_file
2026-02-17 20:00:47,331 [jerry.tools] INFO: Tool registered: list_directory
2026-02-17 20:00:47,331 [jerry.tools] INFO: Tool registered: copy_file
2026-02-17 20:00:47,331 [jerry.tools] INFO: Tool registered: move_file
2026-02-17 20:00:47,331 [jerry.tools] INFO: Tool registered: delete_file
2026-02-17 20:00:47,331 [jerry.tools] INFO: Tool registered: web_search
2026-02-17 20:00:47,331 [jerry] INFO: Registered 11 tools
2026-02-17 20:00:47,331 [jerry] INFO: Jerry initialized successfully!
2026-02-17 20:04:03,327 [httpx] INFO: HTTP Request: POST http://localhost:11434/api/chat "HTTP/1.1 200 OK"
2026-02-17 20:04:03,330 [jerry.tools] INFO: Executing tool: web_search with args: {'query': 'Christiano Ronaldo birthday', 'max_results': '5'}
2026-02-17 20:04:03,894 [primp] INFO: response: https://www.bing.com/search?q=Christiano+Ronaldo+birthday 200
2026-02-17 20:04:03,973 [duckduckgo_search.DDGS] INFO: Error to search using bing backend: '>=' not supported between instances of 'int' and 'str'
2026-02-17 20:04:15,539 [httpx] INFO: HTTP Request: POST http://localhost:11434/api/chat "HTTP/1.1 200 OK"
2026-02-18 17:53:14,480 [httpx] INFO: HTTP Request: GET http://localhost:11434/api/tags "HTTP/1.1 200 OK"
2026-02-18 17:53:14,495 [jerry.memory] INFO: Memory initialized. Session: 20260218_175314
2026-02-18 17:53:14,495 [jerry.tools] INFO: Tool registered: open_application
2026-02-18 17:53:14,495 [jerry.tools] INFO: Tool registered: run_command
2026-02-18 17:53:14,495 [jerry.tools] INFO: Tool registered: system_control
2026-02-18 17:53:14,496 [jerry.tools] INFO: Tool registered: get_system_info
2026-02-18 17:53:14,496 [jerry.tools] INFO: Tool registered: search_files
2026-02-18 17:53:14,496 [jerry.tools] INFO: Tool registered: read_file
2026-02-18 17:53:14,496 [jerry.tools] INFO: Tool registered: list_directory
2026-02-18 17:53:14,496 [jerry.tools] INFO: Tool registered: copy_file
2026-02-18 17:53:14,496 [jerry.tools] INFO: Tool registered: move_file
2026-02-18 17:53:14,496 [jerry.tools] INFO: Tool registered: delete_file
2026-02-18 17:53:14,496 [jerry.tools] INFO: Tool registered: web_search
2026-02-18 17:53:14,496 [jerry] INFO: Registered 11 tools
2026-02-18 17:53:14,496 [jerry] INFO: Jerry initialized successfully!
2026-02-18 17:56:15,947 [httpx] INFO: HTTP Request: POST http://localhost:11434/api/chat "HTTP/1.1 200 OK"
2026-02-18 17:56:15,948 [jerry.tools] INFO: Executing tool: search_files with args: {'query': 'files in here', 'directory': '~', 'max_results': '100'}
2026-02-18 17:56:48,162 [httpx] INFO: HTTP Request: POST http://localhost:11434/api/chat "HTTP/1.1 200 OK"
2026-02-19 12:16:51,586 [httpx] INFO: HTTP Request: GET http://localhost:11434/api/tags "HTTP/1.1 200 OK"
2026-02-19 12:16:51,604 [jerry.memory] INFO: Memory initialized. Session: 20260219_121651
2026-02-19 12:16:51,604 [jerry.tools] INFO: Tool registered: open_application
2026-02-19 12:16:51,605 [jerry.tools] INFO: Tool registered: run_command
2026-02-19 12:16:51,605 [jerry.tools] INFO: Tool registered: system_control
2026-02-19 12:16:51,605 [jerry.tools] INFO: Tool registered: get_system_info
2026-02-19 12:16:51,605 [jerry.tools] INFO: Tool registered: search_files
2026-02-19 12:16:51,605 [jerry.tools] INFO: Tool registered: read_file
2026-02-19 12:16:51,605 [jerry.tools] INFO: Tool registered: list_directory
2026-02-19 12:16:51,605 [jerry.tools] INFO: Tool registered: copy_file
2026-02-19 12:16:51,605 [jerry.tools] INFO: Tool registered: move_file
2026-02-19 12:16:51,605 [jerry.tools] INFO: Tool registered: delete_file
2026-02-19 12:16:51,605 [jerry.tools] INFO: Tool registered: web_search
2026-02-19 12:16:51,605 [jerry] INFO: Registered 11 tools
2026-02-19 12:16:51,605 [jerry] INFO: Jerry initialized successfully!
2026-02-19 12:21:05,106 [httpx] INFO: HTTP Request: POST http://localhost:11434/api/chat "HTTP/1.1 200 OK"
2026-02-19 12:21:05,108 [jerry.tools] INFO: Executing tool: list_directory with args: {'directory': '~/Desktop', 'show_hidden': True}
2026-02-19 12:21:38,833 [httpx] INFO: HTTP Request: POST http://localhost:11434/api/chat "HTTP/1.1 200 OK"
2026-02-19 12:24:49,436 [httpx] INFO: HTTP Request: POST http://localhost:11434/api/chat "HTTP/1.1 200 OK"
2026-02-19 12:24:49,437 [jerry.tools] INFO: Executing tool: list_directory with args: {'directory': '/', 'show_hidden': True}
2026-02-19 12:25:49,937 [httpx] INFO: HTTP Request: POST http://localhost:11434/api/chat "HTTP/1.1 200 OK"
2026-02-19 12:35:26,728 [httpx] INFO: HTTP Request: GET http://localhost:11434/api/tags "HTTP/1.1 200 OK"
2026-02-19 12:35:26,733 [jerry.memory] INFO: Memory initialized. Session: 20260219_123526
2026-02-19 12:35:26,733 [jerry.tools] INFO: Tool registered: open_application
2026-02-19 12:35:26,733 [jerry.tools] INFO: Tool registered: run_command
2026-02-19 12:35:26,734 [jerry.tools] INFO: Tool registered: system_control
2026-02-19 12:35:26,734 [jerry.tools] INFO: Tool registered: get_system_info
2026-02-19 12:35:26,734 [jerry.tools] INFO: Tool registered: search_files
2026-02-19 12:35:26,734 [jerry.tools] INFO: Tool registered: read_file
2026-02-19 12:35:26,734 [jerry.tools] INFO: Tool registered: list_directory
2026-02-19 12:35:26,734 [jerry.tools] INFO: Tool registered: copy_file
2026-02-19 12:35:26,734 [jerry.tools] INFO: Tool registered: move_file
2026-02-19 12:35:26,734 [jerry.tools] INFO: Tool registered: delete_file
2026-02-19 12:35:26,734 [jerry.tools] INFO: Tool registered: web_search
2026-02-19 12:35:26,734 [jerry] INFO: Registered 11 tools
2026-02-19 12:35:26,734 [jerry] INFO: Jerry initialized successfully!
2026-02-19 14:21:43,552 [httpx] INFO: HTTP Request: GET http://localhost:11434/api/tags "HTTP/1.1 200 OK"
2026-02-19 14:21:43,564 [jerry.memory] INFO: Memory initialized. Session: 20260219_142143
2026-02-19 14:21:43,564 [jerry.tools] INFO: Tool registered: open_application
2026-02-19 14:21:43,564 [jerry.tools] INFO: Tool registered: run_command
2026-02-19 14:21:43,564 [jerry.tools] INFO: Tool registered: system_control
2026-02-19 14:21:43,564 [jerry.tools] INFO: Tool registered: get_system_info
2026-02-19 14:21:43,564 [jerry.tools] INFO: Tool registered: search_files
2026-02-19 14:21:43,564 [jerry.tools] INFO: Tool registered: read_file
2026-02-19 14:21:43,564 [jerry.tools] INFO: Tool registered: list_directory
2026-02-19 14:21:43,564 [jerry.tools] INFO: Tool registered: copy_file
2026-02-19 14:21:43,564 [jerry.tools] INFO: Tool registered: move_file
2026-02-19 14:21:43,564 [jerry.tools] INFO: Tool registered: delete_file
2026-02-19 14:21:43,564 [jerry.tools] INFO: Tool registered: web_search
2026-02-19 14:21:43,564 [jerry] INFO: Registered 11 tools
2026-02-19 14:21:43,564 [jerry] INFO: Jerry initialized successfully!
2026-02-19 14:26:16,330 [httpx] INFO: HTTP Request: POST http://localhost:11434/api/chat "HTTP/1.1 200 OK"
2026-02-19 14:26:16,332 [jerry.tools] INFO: Executing tool: list_directory with args: {'directory': '/home/Boss'}
2026-02-19 14:26:29,210 [httpx] INFO: HTTP Request: POST http://localhost:11434/api/chat "HTTP/1.1 200 OK"
2026-02-19 14:37:46,225 [httpx] INFO: HTTP Request: GET http://localhost:11434/api/tags "HTTP/1.1 200 OK"
2026-02-19 14:37:46,228 [jerry.memory] INFO: Memory initialized. Session: 20260219_143746
2026-02-19 14:37:46,228 [jerry.tools] INFO: Tool registered: open_application
2026-02-19 14:37:46,228 [jerry.tools] INFO: Tool registered: run_command
2026-02-19 14:37:46,228 [jerry.tools] INFO: Tool registered: system_control
2026-02-19 14:37:46,228 [jerry.tools] INFO: Tool registered: get_system_info
2026-02-19 14:37:46,228 [jerry.tools] INFO: Tool registered: search_files
2026-02-19 14:37:46,229 [jerry.tools] INFO: Tool registered: read_file
2026-02-19 14:37:46,229 [jerry.tools] INFO: Tool registered: list_directory
2026-02-19 14:37:46,229 [jerry.tools] INFO: Tool registered: copy_file
2026-02-19 14:37:46,229 [jerry.tools] INFO: Tool registered: move_file
2026-02-19 14:37:46,229 [jerry.tools] INFO: Tool registered: delete_file
2026-02-19 14:37:46,229 [jerry.tools] INFO: Tool registered: web_search
2026-02-19 14:37:46,229 [jerry] INFO: Registered 11 tools
2026-02-19 14:37:46,229 [jerry] INFO: Jerry initialized successfully!
2026-02-19 14:42:26,555 [httpx] INFO: HTTP Request: POST http://localhost:11434/api/chat "HTTP/1.1 200 OK"
2026-02-19 14:42:26,557 [jerry.tools] INFO: Executing tool: system_control with args: {'action': 'time'}
2026-02-19 14:42:26,557 [jerry.tools] INFO: Tool result: 🕐 Current time: 02:42 PM (14:42:26)...
2026-02-19 14:42:39,146 [httpx] INFO: HTTP Request: POST http://localhost:11434/api/chat "HTTP/1.1 200 OK"
2026-02-19 14:46:13,355 [httpx] INFO: HTTP Request: POST http://localhost:11434/api/chat "HTTP/1.1 200 OK"
2026-02-19 14:46:13,356 [jerry.tools] INFO: Executing tool: run_command with args: {'command': 'tasklist /v'}
2026-02-19 14:46:53,380 [jerry.tools] INFO: Tool result: ⏰ Command timed out after 30 seconds. It might still be running in the background....
2026-02-19 14:47:15,701 [httpx] INFO: HTTP Request: POST http://localhost:11434/api/chat "HTTP/1.1 200 OK"
2026-02-19 14:51:13,360 [httpx] INFO: HTTP Request: POST http://localhost:11434/api/chat "HTTP/1.1 200 OK"
2026-02-19 14:51:13,361 [jerry.tools] INFO: Executing tool: web_search with args: {'query': 'best breakfast places in Cookeville TN', 'max_results': '5'}
2026-02-19 14:51:13,579 [primp] INFO: response: https://www.bing.com/search?q=best+breakfast+places+in+Cookeville+TN 200
2026-02-19 14:51:13,681 [jerry.tools] INFO: Tool result: 🔍 No results found for 'best breakfast places in Cookeville TN'....
2026-02-19 14:51:57,516 [httpx] INFO: HTTP Request: POST http://localhost:11434/api/chat "HTTP/1.1 200 OK"
2026-02-19 18:24:14,651 [jerry.memory] INFO: Session summary saved: Conversation with 6 messages....
2026-02-19 22:46:01,916 [httpx] INFO: HTTP Request: GET http://localhost:11434/api/tags "HTTP/1.1 200 OK"
2026-02-19 22:46:01,927 [jerry.memory] INFO: Memory initialized. Session: 20260219_224601
2026-02-19 22:46:01,927 [jerry.tools] INFO: Tool registered: open_application
2026-02-19 22:46:01,927 [jerry.tools] INFO: Tool registered: run_command
2026-02-19 22:46:01,927 [jerry.tools] INFO: Tool registered: system_control
2026-02-19 22:46:01,927 [jerry.tools] INFO: Tool registered: get_system_info
2026-02-19 22:46:01,927 [jerry.tools] INFO: Tool registered: search_files
2026-02-19 22:46:01,927 [jerry.tools] INFO: Tool registered: read_file
2026-02-19 22:46:01,927 [jerry.tools] INFO: Tool registered: list_directory
2026-02-19 22:46:01,927 [jerry.tools] INFO: Tool registered: copy_file
2026-02-19 22:46:01,927 [jerry.tools] INFO: Tool registered: move_file
2026-02-19 22:46:01,927 [jerry.tools] INFO: Tool registered: delete_file
2026-02-19 22:46:01,927 [jerry.tools] INFO: Tool registered: web_search
2026-02-19 22:46:01,927 [jerry] INFO: Registered 11 tools
2026-02-19 22:46:01,927 [jerry] INFO: Jerry initialized successfully!
2026-02-20 19:09:17,669 [httpx] INFO: HTTP Request: GET http://localhost:11434/api/tags "HTTP/1.1 200 OK"
2026-02-20 19:09:17,677 [jerry.memory] INFO: Memory initialized. Session: 20260220_190917
2026-02-20 19:09:17,677 [jerry.tools] INFO: Tool registered: open_application
2026-02-20 19:09:17,677 [jerry.tools] INFO: Tool registered: run_command
2026-02-20 19:09:17,677 [jerry.tools] INFO: Tool registered: system_control
2026-02-20 19:09:17,678 [jerry.tools] INFO: Tool registered: get_system_info
2026-02-20 19:09:17,678 [jerry.tools] INFO: Tool registered: search_files
2026-02-20 19:09:17,678 [jerry.tools] INFO: Tool registered: read_file
2026-02-20 19:09:17,678 [jerry.tools] INFO: Tool registered: list_directory
2026-02-20 19:09:17,678 [jerry.tools] INFO: Tool registered: copy_file
2026-02-20 19:09:17,678 [jerry.tools] INFO: Tool registered: move_file
2026-02-20 19:09:17,678 [jerry.tools] INFO: Tool registered: delete_file
2026-02-20 19:09:17,678 [jerry.tools] INFO: Tool registered: web_search
2026-02-20 19:09:17,678 [jerry] INFO: Registered 11 tools
2026-02-20 19:09:17,678 [jerry] INFO: Jerry initialized successfully!
2026-02-20 19:13:51,314 [httpx] INFO: HTTP Request: POST http://localhost:11434/api/chat "HTTP/1.1 200 OK"
2026-02-20 19:13:51,315 [jerry.tools] INFO: Executing tool: web_search with args: {'max_results': '5', 'query': 'Virat Kohli'}
2026-02-20 19:13:51,789 [primp] INFO: response: https://www.bing.com/search?q=Virat+Kohli 200
2026-02-20 19:13:51,959 [jerry.tools] INFO: Tool result: 🔍 No results found for 'Virat Kohli'....
2026-02-20 19:14:11,904 [httpx] INFO: HTTP Request: POST http://localhost:11434/api/chat "HTTP/1.1 200 OK"
2026-02-23 16:48:44,880 [httpx] INFO: HTTP Request: GET http://localhost:11434/api/tags "HTTP/1.1 200 OK"
2026-02-23 16:48:44,889 [jerry.memory] INFO: Memory initialized. Session: 20260223_164844
2026-02-23 16:48:44,890 [jerry] INFO: Sandbox directory: C:\Users\jyoti\OneDrive\Documents\Projects for job\jerry\testFile
2026-02-23 16:48:44,890 [jerry.tools] INFO: Tool registered: open_application
2026-02-23 16:48:44,890 [jerry.tools] INFO: Tool registered: run_command
2026-02-23 16:48:44,890 [jerry.tools] INFO: Tool registered: system_control
2026-02-23 16:48:44,890 [jerry.tools] INFO: Tool registered: get_system_info
2026-02-23 16:48:44,890 [jerry.tools] INFO: Tool registered: search_files
2026-02-23 16:48:44,890 [jerry.tools] INFO: Tool registered: read_file
2026-02-23 16:48:44,890 [jerry.tools] INFO: Tool registered: list_directory
2026-02-23 16:48:44,890 [jerry.tools] INFO: Tool registered: copy_file
2026-02-23 16:48:44,890 [jerry.tools] INFO: Tool registered: move_file
2026-02-23 16:48:44,890 [jerry.tools] INFO: Tool registered: delete_file
2026-02-23 16:48:44,890 [jerry.tools] INFO: Tool registered: web_search
2026-02-23 16:48:44,890 [jerry] INFO: Registered 11 tools
2026-02-23 16:48:44,890 [jerry] INFO: Jerry initialized successfully!
2026-02-23 16:53:48,934 [httpx] INFO: HTTP Request: POST http://localhost:11434/api/chat "HTTP/1.1 200 OK"
2026-02-23 16:53:48,935 [jerry.tools] INFO: Executing tool: copy_file with args: {'source': 'tom', 'destination': '/home/Jerry/testFile'}
2026-02-23 16:53:48,936 [jerry.tools] INFO: Tool result: 🚫 Blocked: I can only copy files into my sandbox folder (C:\Users\jyoti\OneDrive\Documents\Projects for job\jerry\testFile). Destination '/home/Jerry/testFile' is outside the sandbox....
2026-02-23 16:54:17,362 [httpx] INFO: HTTP Request: POST http://localhost:11434/api/chat "HTTP/1.1 200 OK"
2026-02-23 16:59:04,961 [httpx] INFO: HTTP Request: POST http://localhost:11434/api/chat "HTTP/1.1 200 OK"
2026-02-23 16:59:04,962 [jerry.tools] INFO: Executing tool: list_directory with args: {'directory': '/home/Jerry/sandbox'}
2026-02-23 16:59:04,962 [jerry.tools] INFO: Tool result: ❌ Directory doesn't exist: /home/Jerry/sandbox...
2026-02-23 16:59:41,215 [httpx] INFO: HTTP Request: POST http://localhost:11434/api/chat "HTTP/1.1 200 OK"
2026-02-23 17:03:49,898 [httpx] INFO: HTTP Request: POST http://localhost:11434/api/chat "HTTP/1.1 200 OK"
2026-02-23 17:03:49,900 [jerry.tools] INFO: Executing tool: copy_file with args: {'source': 'tom.txt', 'destination': 'C:\\\\Users\\\\jyoti\\\\OneDrive\\\\Documents\\\\Projects\\\\for\\\\job\\\\jerry\\\\tests'}
2026-02-23 17:03:49,901 [jerry.tools] INFO: Tool result: 🚫 Blocked: I can only copy files into my sandbox folder (C:\Users\jyoti\OneDrive\Documents\Projects for job\jerry\testFile). Destination 'C:\\Users\\jyoti\\OneDrive\\Documents\\Projects\\for\\job\\jer...
2026-02-23 17:04:41,056 [httpx] INFO: HTTP Request: POST http://localhost:11434/api/chat "HTTP/1.1 200 OK"
2026-02-23 17:05:15,803 [jerry.memory] INFO: Session summary saved: Conversation with 6 messages....
2026-02-23 17:14:49,244 [httpx] INFO: HTTP Request: GET http://localhost:11434/api/tags "HTTP/1.1 200 OK"
2026-02-23 17:14:49,250 [jerry.memory] INFO: Memory initialized. Session: 20260223_171449
2026-02-23 17:14:49,251 [jerry] INFO: Sandbox directory: C:\Users\jyoti\OneDrive\Documents\Projects for job\jerry\testFile
2026-02-23 17:14:49,251 [jerry.tools] INFO: Tool registered: open_application
2026-02-23 17:14:49,251 [jerry.tools] INFO: Tool registered: run_command
2026-02-23 17:14:49,252 [jerry.tools] INFO: Tool registered: system_control
2026-02-23 17:14:49,252 [jerry.tools] INFO: Tool registered: get_system_info
2026-02-23 17:14:49,252 [jerry.tools] INFO: Tool registered: search_files
2026-02-23 17:14:49,252 [jerry.tools] INFO: Tool registered: read_file
2026-02-23 17:14:49,252 [jerry.tools] INFO: Tool registered: list_directory
2026-02-23 17:14:49,252 [jerry.tools] INFO: Tool registered: copy_file
2026-02-23 17:14:49,252 [jerry.tools] INFO: Tool registered: move_file
2026-02-23 17:14:49,252 [jerry.tools] INFO: Tool registered: delete_file
2026-02-23 17:14:49,252 [jerry.tools] INFO: Tool registered: create_file
2026-02-23 17:14:49,252 [jerry.tools] INFO: Tool registered: write_file
2026-02-23 17:14:49,252 [jerry.tools] INFO: Tool registered: web_search
2026-02-23 17:14:49,252 [jerry] INFO: Registered 13 tools
2026-02-23 17:14:49,252 [jerry] INFO: Jerry initialized successfully!
2026-02-23 17:18:29,278 [httpx] INFO: HTTP Request: POST http://localhost:11434/api/chat "HTTP/1.1 200 OK"
2026-02-23 17:18:29,280 [jerry.tools] INFO: Executing tool: create_file with args: {'content': '', 'file_path': 'tom'}
2026-02-23 17:18:29,281 [jerry.tools] INFO: Tool result: ✅ File created: C:\Users\jyoti\OneDrive\Documents\Projects for job\jerry\testFile\tom...
2026-02-23 17:18:44,678 [httpx] INFO: HTTP Request: POST http://localhost:11434/api/chat "HTTP/1.1 200 OK"
2026-02-23 17:22:25,298 [httpx] INFO: HTTP Request: POST http://localhost:11434/api/chat "HTTP/1.1 200 OK"
2026-02-23 17:22:25,299 [jerry.tools] INFO: Executing tool: delete_file with args: {'target': 'tom', 'confirm': 'false'}
2026-02-23 17:22:25,300 [jerry.tools] INFO: Tool result: 🚫 Blocked: I can only delete files inside my sandbox folder (C:\Users\jyoti\OneDrive\Documents\Projects for job\jerry\testFile). Target 'tom' is outside the sandbox....
2026-02-23 17:22:49,399 [httpx] INFO: HTTP Request: POST http://localhost:11434/api/chat "HTTP/1.1 200 OK"
2026-02-23 17:26:27,541 [httpx] INFO: HTTP Request: POST http://localhost:11434/api/chat "HTTP/1.1 200 OK"
2026-02-23 17:26:27,542 [jerry.tools] INFO: Executing tool: create_file with args: {'file_path': 'tomandjerry.py', 'content': '#!/usr/bin/env python\nprint("Hello, World!")'}
2026-02-23 17:26:27,543 [jerry.tools] INFO: Tool result: ✅ File created: C:\Users\jyoti\OneDrive\Documents\Projects for job\jerry\testFile\tomandjerry.py...
2026-02-23 17:27:03,307 [httpx] INFO: HTTP Request: POST http://localhost:11434/api/chat "HTTP/1.1 200 OK"
2026-02-23 17:36:01,851 [httpx] INFO: HTTP Request: POST http://localhost:11434/api/chat "HTTP/1.1 200 OK"
2026-02-23 17:36:01,854 [jerry.tools] INFO: Executing tool: delete_file with args: {'confirm': 'true', 'target': './sandbox/testFile/file.txt'}
2026-02-23 17:36:01,855 [jerry.tools] INFO: Tool result: 🚫 Blocked: I can only delete files inside my sandbox folder (C:\Users\jyoti\OneDrive\Documents\Projects for job\jerry\testFile). Target './sandbox/testFile/file.txt' is outside the sandbox....
2026-02-23 17:36:43,106 [httpx] INFO: HTTP Request: POST http://localhost:11434/api/chat "HTTP/1.1 200 OK"
2026-02-23 17:41:59,696 [jerry.memory] INFO: Session summary saved: Conversation with 8 messages....
2026-02-23 17:42:14,552 [httpx] INFO: HTTP Request: GET http://localhost:11434/api/tags "HTTP/1.1 200 OK"
2026-02-23 17:42:14,557 [jerry.memory] INFO: Memory initialized. Session: 20260223_174214
2026-02-23 17:42:14,558 [jerry] INFO: Sandbox directory: C:\Users\jyoti\OneDrive\Documents\Projects for job\jerry\testFile
2026-02-23 17:42:14,558 [jerry.tools] INFO: Tool registered: open_application
2026-02-23 17:42:14,558 [jerry.tools] INFO: Tool registered: run_command
2026-02-23 17:42:14,558 [jerry.tools] INFO: Tool registered: system_control
2026-02-23 17:42:14,558 [jerry.tools] INFO: Tool registered: get_system_info
2026-02-23 17:42:14,558 [jerry.tools] INFO: Tool registered: search_files
2026-02-23 17:42:14,558 [jerry.tools] INFO: Tool registered: read_file
2026-02-23 17:42:14,558 [jerry.tools] INFO: Tool registered: list_directory
2026-02-23 17:42:14,558 [jerry.tools] INFO: Tool registered: copy_file
2026-02-23 17:42:14,558 [jerry.tools] INFO: Tool registered: move_file
2026-02-23 17:42:14,558 [jerry.tools] INFO: Tool registered: delete_file
2026-02-23 17:42:14,558 [jerry.tools] INFO: Tool registered: create_file
2026-02-23 17:42:14,558 [jerry.tools] INFO: Tool registered: write_file
2026-02-23 17:42:14,558 [jerry.tools] INFO: Tool registered: web_search
2026-02-23 17:42:14,558 [jerry] INFO: Registered 13 tools
2026-02-23 17:42:14,558 [jerry] INFO: Jerry initialized successfully!
2026-02-23 17:46:10,832 [httpx] INFO: HTTP Request: POST http://localhost:11434/api/chat "HTTP/1.1 200 OK"
2026-02-23 17:46:10,834 [jerry.tools] INFO: Executing tool: delete_file with args: {'confirm': 'true', 'target': 'testFile/tom'}
2026-02-23 17:46:10,835 [jerry.tools] INFO: Tool result: ❌ Target not found: C:\Users\jyoti\OneDrive\Documents\Projects for job\jerry\testFile\testFile\tom...
2026-02-23 17:46:36,410 [httpx] INFO: HTTP Request: POST http://localhost:11434/api/chat "HTTP/1.1 200 OK"
2026-02-23 17:51:44,163 [httpx] INFO: HTTP Request: POST http://localhost:11434/api/chat "HTTP/1.1 200 OK"
2026-02-23 17:57:52,662 [httpx] INFO: HTTP Request: POST http://localhost:11434/api/chat "HTTP/1.1 200 OK"
2026-02-23 17:57:52,663 [jerry.tools] INFO: Executing tool: create_file with args: {'content': 'print(', 'file_path': '~/tomandjerry.py'}
2026-02-23 17:57:52,664 [jerry.tools] INFO: Tool result: 🚫 Blocked: I can only create files inside my sandbox folder (C:\Users\jyoti\OneDrive\Documents\Projects for job\jerry\testFile). Path '~/tomandjerry.py' is outside the sandbox....
2026-02-23 17:58:58,025 [httpx] INFO: HTTP Request: POST http://localhost:11434/api/chat "HTTP/1.1 200 OK"
2026-02-23 18:06:20,351 [httpx] INFO: HTTP Request: POST http://localhost:11434/api/chat "HTTP/1.1 200 OK"
2026-02-23 18:06:20,352 [jerry.tools] INFO: Executing tool: create_file with args: {'content': 'print(', 'file_path': 'tomandjerry.py'}
2026-02-23 18:06:20,355 [jerry.tools] INFO: Tool result: ✅ File created: C:\Users\jyoti\OneDrive\Documents\Projects for job\jerry\testFile\tomandjerry.py...
2026-02-23 18:07:17,400 [httpx] INFO: HTTP Request: POST http://localhost:11434/api/chat "HTTP/1.1 200 OK"
2026-02-24 09:41:38,692 [httpx] INFO: HTTP Request: GET http://localhost:11434/api/tags "HTTP/1.1 200 OK"
2026-02-24 09:41:38,701 [jerry.memory] INFO: Memory initialized. Session: 20260224_094138
2026-02-24 09:41:38,701 [jerry] INFO: Sandbox directory: C:\Users\jyoti\OneDrive\Documents\Projects for job\jerry\testFile
2026-02-24 09:41:38,701 [jerry.tools] INFO: Tool registered: open_application
2026-02-24 09:41:38,702 [jerry.tools] INFO: Tool registered: run_command
2026-02-24 09:41:38,702 [jerry.tools] INFO: Tool registered: system_control
2026-02-24 09:41:38,702 [jerry.tools] INFO: Tool registered: get_system_info
2026-02-24 09:41:38,702 [jerry.tools] INFO: Tool registered: search_files
2026-02-24 09:41:38,702 [jerry.tools] INFO: Tool registered: read_file
2026-02-24 09:41:38,702 [jerry.tools] INFO: Tool registered: list_directory
2026-02-24 09:41:38,702 [jerry.tools] INFO: Tool registered: copy_file
2026-02-24 09:41:38,702 [jerry.tools] INFO: Tool registered: move_file
2026-02-24 09:41:38,702 [jerry.tools] INFO: Tool registered: delete_file
2026-02-24 09:41:38,702 [jerry.tools] INFO: Tool registered: create_file
2026-02-24 09:41:38,702 [jerry.tools] INFO: Tool registered: write_file
2026-02-24 09:41:38,702 [jerry.tools] INFO: Tool registered: web_search
2026-02-24 09:41:38,702 [jerry] INFO: Registered 13 tools
2026-02-24 09:41:38,702 [jerry] INFO: Jerry initialized successfully!
2026-02-24 09:46:55,571 [httpx] INFO: HTTP Request: POST http://localhost:11434/api/chat "HTTP/1.1 200 OK"
2026-02-24 09:46:55,574 [jerry.tools] INFO: Executing tool: create_file with args: {'content': 'print(', 'file_path': 'testFile/hello_world.py'}
2026-02-24 09:46:55,577 [jerry.tools] INFO: Tool result: 🚫 Blocked: I can only create files inside my sandbox folder (C:\Users\jyoti\OneDrive\Documents\Projects for job\jerry\testFile). Path 'testFile/hello_world.py' is outside the sandbox....
2026-02-24 09:53:10,113 [httpx] INFO: HTTP Request: POST http://localhost:11434/api/chat "HTTP/1.1 200 OK"
2026-03-14 14:25:03,827 [httpx] INFO: HTTP Request: GET http://localhost:11434/api/tags "HTTP/1.1 200 OK"
2026-03-14 14:25:03,835 [jerry.memory] INFO: Memory initialized. Session: 20260314_142503
2026-03-14 14:25:03,836 [jerry] INFO: Sandbox directory: C:\Users\jyoti\OneDrive\Documents\Projects for job\jerry\testFile
2026-03-14 14:25:03,836 [jerry.tools] INFO: Tool registered: open_application
2026-03-14 14:25:03,836 [jerry.tools] INFO: Tool registered: run_command
2026-03-14 14:25:03,836 [jerry.tools] INFO: Tool registered: system_control
2026-03-14 14:25:03,836 [jerry.tools] INFO: Tool registered: get_system_info
2026-03-14 14:25:03,836 [jerry.tools] INFO: Tool registered: search_files
2026-03-14 14:25:03,836 [jerry.tools] INFO: Tool registered: read_file
2026-03-14 14:25:03,836 [jerry.tools] INFO: Tool registered: list_directory
2026-03-14 14:25:03,836 [jerry.tools] INFO: Tool registered: copy_file
2026-03-14 14:25:03,836 [jerry.tools] INFO: Tool registered: move_file
2026-03-14 14:25:03,836 [jerry.tools] INFO: Tool registered: delete_file
2026-03-14 14:25:03,836 [jerry.tools] INFO: Tool registered: create_file
2026-03-14 14:25:03,836 [jerry.tools] INFO: Tool registered: write_file
2026-03-14 14:25:03,836 [jerry.tools] INFO: Tool registered: web_search
2026-03-14 14:25:03,836 [jerry] INFO: Registered 13 tools
2026-03-14 14:25:03,836 [jerry] INFO: Jerry initialized successfully!
